Archive member included because of file (symbol)

c:/program files/atmel/avr tools/avr toolchain/bin/../lib/gcc/avr/4.5.1/avr5\libgcc.a(_exit.o)
                              c:/program files/atmel/avr tools/avr toolchain/bin/../lib/gcc/avr/4.5.1/../../../../avr/lib/avr5/crtm328p.o (exit)
c:/program files/atmel/avr tools/avr toolchain/bin/../lib/gcc/avr/4.5.1/avr5\libgcc.a(_copy_data.o)
                              main.o (__do_copy_data)
c:/program files/atmel/avr tools/avr toolchain/bin/../lib/gcc/avr/4.5.1/avr5\libgcc.a(_clear_bss.o)
                              main.o (__do_clear_bss)

Allocating common symbols
Common symbol       size              file

currentY            0x2               main.o
currentX            0x2               main.o
currentFont         0x6               main.o
currentColor        0x2               main.o

Memory Configuration

Name             Origin             Length             Attributes
text             0x00000000         0x00020000         xr
data             0x00800060         0x0000ffa0         rw !x
eeprom           0x00810000         0x00010000         rw !x
fuse             0x00820000         0x00000400         rw !x
lock             0x00830000         0x00000400         rw !x
signature        0x00840000         0x00000400         rw !x
*default*        0x00000000         0xffffffff

Linker script and memory map

Address of section .data set to 0x800100
LOAD c:/program files/atmel/avr tools/avr toolchain/bin/../lib/gcc/avr/4.5.1/../../../../avr/lib/avr5/crtm328p.o
LOAD main.o
LOAD graphics.o
LOAD softSPI.o
LOAD ssd1306.o
LOAD c:/program files/atmel/avr tools/avr toolchain/bin/../lib/gcc/avr/4.5.1/avr5\libgcc.a
LOAD c:/program files/atmel/avr tools/avr toolchain/bin/../lib/gcc/avr/4.5.1/../../../../avr/lib/avr5\libc.a
LOAD c:/program files/atmel/avr tools/avr toolchain/bin/../lib/gcc/avr/4.5.1/avr5\libgcc.a

.hash
 *(.hash)

.dynsym
 *(.dynsym)

.dynstr
 *(.dynstr)

.gnu.version
 *(.gnu.version)

.gnu.version_d
 *(.gnu.version_d)

.gnu.version_r
 *(.gnu.version_r)

.rel.init
 *(.rel.init)

.rela.init
 *(.rela.init)

.rel.text
 *(.rel.text)
 *(.rel.text.*)
 *(.rel.gnu.linkonce.t*)

.rela.text
 *(.rela.text)
 *(.rela.text.*)
 *(.rela.gnu.linkonce.t*)

.rel.fini
 *(.rel.fini)

.rela.fini
 *(.rela.fini)

.rel.rodata
 *(.rel.rodata)
 *(.rel.rodata.*)
 *(.rel.gnu.linkonce.r*)

.rela.rodata
 *(.rela.rodata)
 *(.rela.rodata.*)
 *(.rela.gnu.linkonce.r*)

.rel.data
 *(.rel.data)
 *(.rel.data.*)
 *(.rel.gnu.linkonce.d*)

.rela.data
 *(.rela.data)
 *(.rela.data.*)
 *(.rela.gnu.linkonce.d*)

.rel.ctors
 *(.rel.ctors)

.rela.ctors
 *(.rela.ctors)

.rel.dtors
 *(.rel.dtors)

.rela.dtors
 *(.rela.dtors)

.rel.got
 *(.rel.got)

.rela.got
 *(.rela.got)

.rel.bss
 *(.rel.bss)

.rela.bss
 *(.rela.bss)

.rel.plt
 *(.rel.plt)

.rela.plt
 *(.rela.plt)

.text           0x00000000     0x2328
 *(.vectors)
 .vectors       0x00000000       0x68 c:/program files/atmel/avr tools/avr toolchain/bin/../lib/gcc/avr/4.5.1/../../../../avr/lib/avr5/crtm328p.o
                0x00000000                __vector_default
                0x00000000                __vectors
 *(.vectors)
 *(.progmem.gcc*)
 *(.progmem*)
 .progmem.data  0x00000068     0x1b70 main.o
                0x00000068                image_data_charge
                0x00000090                image_data_ArialNarrow14
                0x00001bd8                . = ALIGN (0x2)
                0x00001bd8                __trampolines_start = .
 *(.trampolines)
 .trampolines   0x00001bd8        0x0 linker stubs
 *(.trampolines*)
                0x00001bd8                __trampolines_end = .
 *(.jumptables)
 *(.jumptables*)
 *(.lowtext)
 *(.lowtext*)
                0x00001bd8                __ctors_start = .
 *(.ctors)
                0x00001bd8                __ctors_end = .
                0x00001bd8                __dtors_start = .
 *(.dtors)
                0x00001bd8                __dtors_end = .
 SORT(*)(.ctors)
 SORT(*)(.dtors)
 *(.init0)
 .init0         0x00001bd8        0x0 c:/program files/atmel/avr tools/avr toolchain/bin/../lib/gcc/avr/4.5.1/../../../../avr/lib/avr5/crtm328p.o
                0x00001bd8                __init
 *(.init0)
 *(.init1)
 *(.init1)
 *(.init2)
 .init2         0x00001bd8        0xc c:/program files/atmel/avr tools/avr toolchain/bin/../lib/gcc/avr/4.5.1/../../../../avr/lib/avr5/crtm328p.o
 *(.init2)
 *(.init3)
 *(.init3)
 *(.init4)
 .init4         0x00001be4       0x16 c:/program files/atmel/avr tools/avr toolchain/bin/../lib/gcc/avr/4.5.1/avr5\libgcc.a(_copy_data.o)
                0x00001be4                __do_copy_data
 .init4         0x00001bfa       0x10 c:/program files/atmel/avr tools/avr toolchain/bin/../lib/gcc/avr/4.5.1/avr5\libgcc.a(_clear_bss.o)
                0x00001bfa                __do_clear_bss
 *(.init4)
 *(.init5)
 *(.init5)
 *(.init6)
 *(.init6)
 *(.init7)
 *(.init7)
 *(.init8)
 *(.init8)
 *(.init9)
 .init9         0x00001c0a        0x8 c:/program files/atmel/avr tools/avr toolchain/bin/../lib/gcc/avr/4.5.1/../../../../avr/lib/avr5/crtm328p.o
 *(.init9)
 *(.text)
 .text          0x00001c12        0x4 c:/program files/atmel/avr tools/avr toolchain/bin/../lib/gcc/avr/4.5.1/../../../../avr/lib/avr5/crtm328p.o
                0x00001c12                __vector_22
                0x00001c12                __vector_1
                0x00001c12                __vector_24
                0x00001c12                __vector_12
                0x00001c12                __bad_interrupt
                0x00001c12                __vector_6
                0x00001c12                __vector_3
                0x00001c12                __vector_23
                0x00001c12                __vector_25
                0x00001c12                __vector_11
                0x00001c12                __vector_13
                0x00001c12                __vector_17
                0x00001c12                __vector_19
                0x00001c12                __vector_7
                0x00001c12                __vector_5
                0x00001c12                __vector_4
                0x00001c12                __vector_9
                0x00001c12                __vector_2
                0x00001c12                __vector_21
                0x00001c12                __vector_15
                0x00001c12                __vector_8
                0x00001c12                __vector_14
                0x00001c12                __vector_10
                0x00001c12                __vector_16
                0x00001c12                __vector_18
                0x00001c12                __vector_20
 .text          0x00001c16       0xea main.o
                0x00001c16                main
 .text          0x00001d00      0x488 graphics.o
                0x00001d00                setCursor
                0x00001d12                setColor
                0x00001d1c                drawVerticalLine
                0x00001d5e                drawHorizontalLine
                0x00001da0                drawRectangle
                0x00001e22                fillRectangle
                0x00001e70                drawByte
                0x00001eba                drawIcon
                0x00001fbc                setFont
                0x0000200c                printChar
                0x0000210e                printString
 .text          0x00002188       0x22 softSPI.o
                0x00002188                spiInit
                0x00002190                spiWriteByte
 .text          0x000021aa      0x17a ssd1306.o
                0x000021aa                ssd1306_command
                0x000021b6                ssd1306_data
                0x000021c2                ssd1306_reset_sw
                0x000021e2                ssd1306_clear_display
                0x000021f8                ssd1306_draw_display
                0x0000223e                ssd1306_set_rotation
                0x00002262                ssd1306_init
                0x000022aa                draw_pixel
 .text          0x00002324        0x0 c:/program files/atmel/avr tools/avr toolchain/bin/../lib/gcc/avr/4.5.1/avr5\libgcc.a(_exit.o)
 .text          0x00002324        0x0 c:/program files/atmel/avr tools/avr toolchain/bin/../lib/gcc/avr/4.5.1/avr5\libgcc.a(_copy_data.o)
 .text          0x00002324        0x0 c:/program files/atmel/avr tools/avr toolchain/bin/../lib/gcc/avr/4.5.1/avr5\libgcc.a(_clear_bss.o)
                0x00002324                . = ALIGN (0x2)
 *(.text.*)
 .text.libgcc   0x00002324        0x0 c:/program files/atmel/avr tools/avr toolchain/bin/../lib/gcc/avr/4.5.1/avr5\libgcc.a(_exit.o)
 .text.libgcc   0x00002324        0x0 c:/program files/atmel/avr tools/avr toolchain/bin/../lib/gcc/avr/4.5.1/avr5\libgcc.a(_copy_data.o)
 .text.libgcc   0x00002324        0x0 c:/program files/atmel/avr tools/avr toolchain/bin/../lib/gcc/avr/4.5.1/avr5\libgcc.a(_clear_bss.o)
                0x00002324                . = ALIGN (0x2)
 *(.fini9)
 .fini9         0x00002324        0x0 c:/program files/atmel/avr tools/avr toolchain/bin/../lib/gcc/avr/4.5.1/avr5\libgcc.a(_exit.o)
                0x00002324                _exit
                0x00002324                exit
 *(.fini9)
 *(.fini8)
 *(.fini8)
 *(.fini7)
 *(.fini7)
 *(.fini6)
 *(.fini6)
 *(.fini5)
 *(.fini5)
 *(.fini4)
 *(.fini4)
 *(.fini3)
 *(.fini3)
 *(.fini2)
 *(.fini2)
 *(.fini1)
 *(.fini1)
 *(.fini0)
 .fini0         0x00002324        0x4 c:/program files/atmel/avr tools/avr toolchain/bin/../lib/gcc/avr/4.5.1/avr5\libgcc.a(_exit.o)
 *(.fini0)
                0x00002328                _etext = .

.data           0x00800100       0x14 load address 0x00002328
                0x00800100                PROVIDE (__data_start, .)
 *(.data)
 .data          0x00800100        0x0 c:/program files/atmel/avr tools/avr toolchain/bin/../lib/gcc/avr/4.5.1/../../../../avr/lib/avr5/crtm328p.o
 .data          0x00800100       0x13 main.o
                0x00800107                charge
                0x0080010d                ArialNarrow14
 .data          0x00800113        0x0 graphics.o
 .data          0x00800113        0x0 softSPI.o
 .data          0x00800113        0x0 ssd1306.o
 .data          0x00800113        0x0 c:/program files/atmel/avr tools/avr toolchain/bin/../lib/gcc/avr/4.5.1/avr5\libgcc.a(_exit.o)
 .data          0x00800113        0x0 c:/program files/atmel/avr tools/avr toolchain/bin/../lib/gcc/avr/4.5.1/avr5\libgcc.a(_copy_data.o)
 .data          0x00800113        0x0 c:/program files/atmel/avr tools/avr toolchain/bin/../lib/gcc/avr/4.5.1/avr5\libgcc.a(_clear_bss.o)
 *(.data*)
 *(.rodata)
 *(.rodata*)
 *(.gnu.linkonce.d*)
                0x00800114                . = ALIGN (0x2)
 *fill*         0x00800113        0x1 00
                0x00800114                _edata = .
                0x00800114                PROVIDE (__data_end, .)

.bss            0x00800114      0x40c
                0x00800114                PROVIDE (__bss_start, .)
 *(.bss)
 .bss           0x00800114        0x0 c:/program files/atmel/avr tools/avr toolchain/bin/../lib/gcc/avr/4.5.1/../../../../avr/lib/avr5/crtm328p.o
 .bss           0x00800114        0x0 main.o
 .bss           0x00800114        0x0 graphics.o
 .bss           0x00800114        0x0 softSPI.o
 .bss           0x00800114      0x400 ssd1306.o
 .bss           0x00800514        0x0 c:/program files/atmel/avr tools/avr toolchain/bin/../lib/gcc/avr/4.5.1/avr5\libgcc.a(_exit.o)
 .bss           0x00800514        0x0 c:/program files/atmel/avr tools/avr toolchain/bin/../lib/gcc/avr/4.5.1/avr5\libgcc.a(_copy_data.o)
 .bss           0x00800514        0x0 c:/program files/atmel/avr tools/avr toolchain/bin/../lib/gcc/avr/4.5.1/avr5\libgcc.a(_clear_bss.o)
 *(.bss*)
 *(COMMON)
 COMMON         0x00800514        0xc main.o
                0x00800514                currentY
                0x00800516                currentX
                0x00800518                currentFont
                0x0080051e                currentColor
                0x00800520                PROVIDE (__bss_end, .)
                0x00002328                __data_load_start = LOADADDR (.data)
                0x0000233c                __data_load_end = (__data_load_start + SIZEOF (.data))

.noinit         0x00800520        0x0
                0x00800520                PROVIDE (__noinit_start, .)
 *(.noinit*)
                0x00800520                PROVIDE (__noinit_end, .)
                0x00800520                _end = .
                0x00800520                PROVIDE (__heap_start, .)

.eeprom         0x00810000        0x0
 *(.eeprom*)
                0x00810000                __eeprom_end = .

.fuse
 *(.fuse)
 *(.lfuse)
 *(.hfuse)
 *(.efuse)

.lock
 *(.lock*)

.signature
 *(.signature*)

.stab           0x00000000      0x6cc
 *(.stab)
 .stab          0x00000000      0x6cc c:/program files/atmel/avr tools/avr toolchain/bin/../lib/gcc/avr/4.5.1/../../../../avr/lib/avr5/crtm328p.o

.stabstr        0x00000000       0x85
 *(.stabstr)
 .stabstr       0x00000000       0x85 c:/program files/atmel/avr tools/avr toolchain/bin/../lib/gcc/avr/4.5.1/../../../../avr/lib/avr5/crtm328p.o

.stab.excl
 *(.stab.excl)

.stab.exclstr
 *(.stab.exclstr)

.stab.index
 *(.stab.index)

.stab.indexstr
 *(.stab.indexstr)

.comment
 *(.comment)

.debug
 *(.debug)

.line
 *(.line)

.debug_srcinfo
 *(.debug_srcinfo)

.debug_sfnames
 *(.debug_sfnames)

.debug_aranges  0x00000000       0x80
 *(.debug_aranges)
 .debug_aranges
                0x00000000       0x20 main.o
 .debug_aranges
                0x00000020       0x20 graphics.o
 .debug_aranges
                0x00000040       0x20 softSPI.o
 .debug_aranges
                0x00000060       0x20 ssd1306.o

.debug_pubnames
                0x00000000      0x289
 *(.debug_pubnames)
 .debug_pubnames
                0x00000000       0xa6 main.o
 .debug_pubnames
                0x000000a6       0xfc graphics.o
 .debug_pubnames
                0x000001a2       0x2f softSPI.o
 .debug_pubnames
                0x000001d1       0xb8 ssd1306.o

.debug_info     0x00000000      0xb47
 *(.debug_info)
 .debug_info    0x00000000      0x1df main.o
 .debug_info    0x000001df      0x523 graphics.o
 .debug_info    0x00000702       0xbc softSPI.o
 .debug_info    0x000007be      0x389 ssd1306.o
 *(.gnu.linkonce.wi.*)

.debug_abbrev   0x00000000      0x3d1
 *(.debug_abbrev)
 .debug_abbrev  0x00000000       0xd9 main.o
 .debug_abbrev  0x000000d9       0xfe graphics.o
 .debug_abbrev  0x000001d7       0x88 softSPI.o
 .debug_abbrev  0x0000025f      0x172 ssd1306.o

.debug_line     0x00000000      0x9ed
 *(.debug_line)
 .debug_line    0x00000000      0x18c main.o
 .debug_line    0x0000018c      0x41b graphics.o
 .debug_line    0x000005a7      0x122 softSPI.o
 .debug_line    0x000006c9      0x324 ssd1306.o

.debug_frame    0x00000000      0x1a0
 *(.debug_frame)
 .debug_frame   0x00000000       0x20 main.o
 .debug_frame   0x00000020       0xc0 graphics.o
 .debug_frame   0x000000e0       0x30 softSPI.o
 .debug_frame   0x00000110       0x90 ssd1306.o

.debug_str      0x00000000      0x359
 *(.debug_str)
 .debug_str     0x00000000       0xf3 main.o
                                0x14d (size before relaxing)
 .debug_str     0x000000f3      0x141 graphics.o
                                0x244 (size before relaxing)
 .debug_str     0x00000234       0x2a softSPI.o
                                 0xd6 (size before relaxing)
 .debug_str     0x0000025e       0xfb ssd1306.o
                                0x1d1 (size before relaxing)

.debug_loc      0x00000000      0x65d
 *(.debug_loc)
 .debug_loc     0x00000000      0x53d graphics.o
 .debug_loc     0x0000053d       0x50 softSPI.o
 .debug_loc     0x0000058d       0xd0 ssd1306.o

.debug_macinfo
 *(.debug_macinfo)
OUTPUT(SSD_1306.elf elf32-avr)
LOAD linker stubs

.debug_pubtypes
                0x00000000       0xc2
 .debug_pubtypes
                0x00000000       0x36 main.o
 .debug_pubtypes
                0x00000036       0x36 graphics.o
 .debug_pubtypes
                0x0000006c       0x1e softSPI.o
 .debug_pubtypes
                0x0000008a       0x38 ssd1306.o

.debug_ranges   0x00000000       0x18
 .debug_ranges  0x00000000       0x18 graphics.o
